Position conversion functions:
  MEAS.POS (type, position)                      convert to given type
       POSITION is a synonym for POS
  MEAS.ITRFXYZ (position)                        convert to ITRF XYZ coord
  MEAS.ITRFLL (position)                         convert to ITRF LonLat
       ITRFLONLAT is a synonym for ITRFLL
  MEAS.ITRFH (position)                          convert to ITRF height
       ITRFHEIGHT is a synonym for ITRFH
  MEAS.WGS (position)                            convert to WGS84 XYZ coord
       WGSXYZ is a synonym for WGS
  MEAS.WGSLL (position)                          convert to WGS84 LonLat
       WGSLONLAT is a synonym for WGSLL
  MEAS.WGSH (position)                           convert to WGS84 height
       WGSHEIGHT is a synonym for WGSH
Epoch conversion functions:
  MEAS.EPOCH (type, epoch [,position])           convert to given type
  MEAS.LAST (epoch, position)                    convert to local sidereal time
       LST is a synonym for LAST
Direction conversion functions:
  MEAS.DIR (type, direction [,epoch, position])  convert to given type
       DIRECTION is a synonym for DIR
  MEAS.HADEC (direction, epoch, position)        convert to Hourangle/Decl
  MEAS.AZEL (direction, epoch, position)         convert to Azimuth/Elevation
  MEAS.APP (direction, epoch, position)          convert to apparent
       APPARENT is a synonym for APP
  MEAS.J2000 (direction [,epoch, position])      convert to J2000
  MEAS.B1950 (direction [,epoch, position])      convert to B1950
  MEAS.ECL (direction [,epoch, position])
       ECLIPTIC is a synonym for ECL
  MEAS.GAL (direction [,epoch, position])
       GALACTIC is a synonym for GAL
  MEAS.SGAL (direction [,epoch, position])
       SUPERGAL is a synonym for SGAL
       SUPERGALACTIC is a synonym for SGAL
  MEAS.ITRFD (direction [,epoch, position])      convert to ITRF
       ITRFDIR is a synonym for ITRFD
       ITRFDIRECTION is a synonym for ITRFD
  MEAS.RISET (direction, epoch, position)        get rise/set time
       RISESET is a synonym for RISET

Unit: m
[2.99486, 0.346737, 3.98881]
[2010/08/10/04:06:04, 2010/08/10/19:10:42]
0
Unit: rad
Axis Lengths: [366, 2]  (NB: Matrix in Row/Column order)
[2.05314, 4.08901
 2.05262, 4.09372
 2.05185, 4.09863
 2.05083, 4.10374
 2.04955, 4.10905
 2.04803, 4.11454
 2.04626, 4.12021
 2.04425, 4.12606
 2.042, 4.13208
 2.03951, 4.13826
 2.03678, 4.14459
 2.03382, 4.15107
 2.03062, 4.15768
 2.0272, 4.16444
 2.02356, 4.17131
 2.01969, 4.17831
 2.01561, 4.18542
 2.01132, 4.19264
 2.00681, 4.19996
 2.00211, 4.20738
 1.9972, 4.21488
 1.99209, 4.22247
 1.9868, 4.23013
 1.98131, 4.23787
 1.97565, 4.24568
 1.96981, 4.25354
 1.96379, 4.26147
 1.9576, 4.26945
 1.95125, 4.27747
 1.94474, 4.28554
 1.93807, 4.29365
 1.93126, 4.3018
 1.92429, 4.30997
 1.91718, 4.31817
 1.90993, 4.3264
 1.90254, 4.33464
 1.89502, 4.3429
 1.88738, 4.35117
 1.87961, 4.35945
 1.87172, 4.36773
 1.86371, 4.37602
 1.85559, 4.3843
 1.84735, 4.39258
 1.83901, 4.40085
 1.83057, 4.40912
 1.82202, 4.41737
 1.81338, 4.42561
 1.80465, 4.43384
 1.79582, 4.44205
 1.78691, 4.45024
 1.77792, 4.45842
 1.76884, 4.46659
 1.75969, 4.47473
 1.75046, 4.48285
 1.74117, 4.49096
 1.7318, 4.49905
 1.72237, 4.50711
 1.71288, 4.51516
 1.70333, 4.52319
 1.69373, 4.5312
 1.68407, 4.53919
 1.67436, 4.54716
 1.6646, 4.55512
 1.6548, 4.56305
 1.64495, 4.57096
 1.63506, 4.57886
 1.62514, 4.58674
 1.61518, 4.5946
 1.60518, 4.60244
 1.59515, 4.61026
 1.5851, 4.61806
 1.57501, 4.62585
 1.5649, 4.63362
 1.55477, 4.64137
 1.54462, 4.6491
 1.53445, 4.65682
 1.52426, 4.66452
 1.51406, 4.6722
 1.50384, 4.67987
 1.49361, 4.68753
 1.48338, 4.69517
 1.47314, 4.70281
 1.46291, 4.71044
 1.45267, 4.71806
 1.44243, 4.72567
 1.4322, 4.73328
 1.42197, 4.74088
 1.41176, 4.74848
 1.40155, 4.75608
 1.39136, 4.76367
 1.38118, 4.77126
 1.37102, 4.77885
 1.36088, 4.78643
 1.35076, 4.79402
 1.34067, 4.80161
 1.33061, 4.8092
 1.32057, 4.81679
 1.31057, 4.82438
 1.3006, 4.83196
 1.29067, 4.83955
 1.28077, 4.84714
 1.27091, 4.85472
 1.26109, 4.86231
 1.25132, 4.86989
 1.2416, 4.87747
 1.23192, 4.88504
 1.2223, 4.89261
 1.21273, 4.90018
 1.20322, 4.90775
 1.19378, 4.9153
 1.18439, 4.92286
 1.17507, 4.93041
 1.16582, 4.93795
 1.15665, 4.94549
 1.14754, 4.95301
 1.13852, 4.96053
 1.12958, 4.96804
 1.12072, 4.97553
 1.11195, 4.98302
 1.10328, 4.99048
 1.09469, 4.99793
 1.08621, 5.00536
 1.07782, 5.01277
 1.06954, 5.02015
 1.06137, 5.0275
 1.05331, 5.03483
 1.04536, 5.04212
 1.03753, 5.04937
 1.02983, 5.05658
 1.02224, 5.06375
 1.01479, 5.07087
 1.00746, 5.07793
 1.00027, 5.08493
 0.993217, 5.09188
 0.986308, 5.09875
 0.979545, 5.10556
 0.972932, 5.11229
 0.966474, 5.11895
 0.960173, 5.12552
 0.954036, 5.13201
 0.948064, 5.1384
 0.942262, 5.14469
 0.936635, 5.15089
 0.931185, 5.15698
 0.925918, 5.16295
 0.920836, 5.16881
 0.915944, 5.17455
 0.911246, 5.18017
 0.906745, 5.18565
 0.902444, 5.19099
 0.898349, 5.1962
 0.89446, 5.20125
 0.890783, 5.20615
 0.887319, 5.2109
 0.884072, 5.21548
 0.881043, 5.21989
 0.878235, 5.22413
 0.87565, 5.22818
 0.873288, 5.23205
 0.871153, 5.23573
 0.869245, 5.23921
 0.867566, 5.24249
 0.866118, 5.24557
 0.864901, 5.24843
 0.863917, 5.25109
 0.863165, 5.25352
 0.862647, 5.25574
 0.862361, 5.25774
 0.862309, 5.25951
 0.862489, 5.26105
 0.862902, 5.26236
 0.863545, 5.26344
 0.864417, 5.26429
 0.865518, 5.26491
 0.866846, 5.26529
 0.868398, 5.26543
 0.870172, 5.26534
 0.872166, 5.26501
 0.874378, 5.26444
 0.876804, 5.26364
 0.87944, 5.26261
 0.882283, 5.26133
 0.885329, 5.25983
 0.888573, 5.25809
 0.89201, 5.25612
 0.895635, 5.25392
 0.899444, 5.25149
 0.90343, 5.24883
 0.907589, 5.24595
 0.911915, 5.24285
 0.916404, 5.23952
 0.921049, 5.23598
 0.925846, 5.23222
 0.930789, 5.22825
 0.935873, 5.22407
 0.941092, 5.21969
 0.946441, 5.21511
 0.951915, 5.21033
 0.957509, 5.20535
 0.963217, 5.20019
 0.969034, 5.19484
 0.974956, 5.18931
 0.980977, 5.18359
 0.987094, 5.17771
 0.993301, 5.17166
 0.999595, 5.16544
 1.00597, 5.15906
 1.01242, 5.15252
 1.01895, 5.14583
 1.02554, 5.13898
 1.0322, 5.132
 1.03892, 5.12487
 1.0457, 5.1176
 1.05252, 5.11019
 1.0594, 5.10266
 1.06631, 5.095
 1.07327, 5.08721
 1.08026, 5.0793
 1.08728, 5.07127
 1.09433, 5.06313
 1.10141, 5.05488
 1.10851, 5.04652
 1.11563, 5.03806
 1.12277, 5.02949
 1.12993, 5.02083
 1.1371, 5.01207
 1.14428, 5.00322
 1.15147, 4.99428
 1.15867, 4.98526
 1.16588, 4.97616
 1.17309, 4.96698
 1.18031, 4.95772
 1.18753, 4.9484
 1.19476, 4.939
 1.20199, 4.92953
 1.20922, 4.92001
 1.21646, 4.91042
 1.2237, 4.90078
 1.23094, 4.89108
 1.23818, 4.88132
 1.24542, 4.87152
 1.25266, 4.86167
 1.25989, 4.85177
 1.26713, 4.84183
 1.27437, 4.83185
 1.2816, 4.82183
 1.28883, 4.81178
 1.29606, 4.80169
 1.30329, 4.79156
 1.31052, 4.78141
 1.31774, 4.77123
 1.32496, 4.76102
 1.33218, 4.75079
 1.3394, 4.74054
 1.34662, 4.73027
 1.35383, 4.71998
 1.36105, 4.70968
 1.36827, 4.69936
 1.3755, 4.68904
 1.38273, 4.67871
 1.38997, 4.66837
 1.3972, 4.65803
 1.40445, 4.64769
 1.41171, 4.63735
 1.41897, 4.62701
 1.42625, 4.61667
 1.43354, 4.60635
 1.44085, 4.59603
 1.44817, 4.58573
 1.4555, 4.57544
 1.46285, 4.56517
 1.47021, 4.55492
 1.47759, 4.54468
 1.48499, 4.53447
 1.4924, 4.52428
 1.49983, 4.51412
 1.50728, 4.50399
 1.51475, 4.49389
 1.52224, 4.48382
 1.52975, 4.47379
 1.53727, 4.46379
 1.54482, 4.45383
 1.55238, 4.44392
 1.55997, 4.43405
 1.56757, 4.42422
 1.5752, 4.41445
 1.58284, 4.40473
 1.59051, 4.39506
 1.5982, 4.38546
 1.60591, 4.37591
 1.61365, 4.36643
 1.6214, 4.35701
 1.62918, 4.34767
 1.63698, 4.33839
 1.64481, 4.3292
 1.65265, 4.32008
 1.66052, 4.31104
 1.6684, 4.30209
 1.67631, 4.29323
 1.68423, 4.28445
 1.69217, 4.27578
 1.70012, 4.2672
 1.70809, 4.25872
 1.71606, 4.25034
 1.72404, 4.24207
 1.73203, 4.23392
 1.74002, 4.22588
 1.74801, 4.21795
 1.756, 4.21015
 1.76398, 4.20247
 1.77195, 4.19492
 1.77991, 4.1875
 1.78785, 4.18022
 1.79577, 4.17309
 1.80367, 4.16609
 1.81154, 4.15925
 1.81938, 4.15256
 1.82718, 4.14603
 1.83495, 4.13966
 1.84267, 4.13345
 1.85034, 4.12742
 1.85796, 4.12157
 1.86553, 4.11589
 1.87303, 4.1104
 1.88047, 4.1051
 1.88784, 4.09999
 1.89512, 4.09508
 1.90232, 4.09038
 1.90944, 4.08588
 1.91645, 4.08159
 1.92336, 4.07751
 1.93017, 4.07365
 1.93685, 4.07001
 1.94342, 4.0666
 1.94985, 4.06342
 1.95615, 4.06047
 1.96231, 4.05775
 1.96831, 4.05528
 1.97416, 4.05304
 1.97984, 4.05105
 1.98535, 4.0493
 1.99069, 4.0478
 1.99584, 4.04655
 2.00081, 4.04556
 2.00558, 4.04482
 2.01014, 4.04434
 2.01451, 4.04411
 2.01866, 4.04414
 2.0226, 4.04443
 2.02631, 4.04498
 2.02981, 4.04579
 2.03307, 4.04686
 2.03611, 4.04818
 2.03891, 4.04977
 2.04147, 4.05161
 2.04379, 4.0537
 2.04587, 4.05605
 2.0477, 4.05865
 2.04928, 4.06149
 2.05061, 4.06457
 2.05169, 4.0679
 2.05252, 4.07146
 2.05309, 4.07525
 2.0534, 4.07926
 2.05346, 4.0835
 2.05327, 4.08795]

